<?xml version="1.0" encoding="ISO-8859-1" ?>
<link_info>
   <banner>TI ARM Clang Linker PC v2.1.3.LTS</banner>
   <copyright>Copyright (c) 1996-2018 Texas Instruments Incorporated</copyright>
   <link_time>0x6568d42f</link_time>
   <link_errors>0x0</link_errors>
   <output_file>ECE319K_Lab9.out</output_file>
   <entry_point>
      <name>_c_int00_noargs</name>
      <address>0x13939</address>
   </entry_point>
   <input_file_list>
      <input_file id="fl-1">
         <path>.\</path>
         <kind>object</kind>
         <file>ADC.o</file>
         <name>ADC.o</name>
      </input_file>
      <input_file id="fl-2">
         <path>.\</path>
         <kind>object</kind>
         <file>Clock.o</file>
         <name>Clock.o</name>
      </input_file>
      <input_file id="fl-3">
         <path>.\</path>
         <kind>object</kind>
         <file>DAC5.o</file>
         <name>DAC5.o</name>
      </input_file>
      <input_file id="fl-4">
         <path>.\</path>
         <kind>object</kind>
         <file>FIFO1.o</file>
         <name>FIFO1.o</name>
      </input_file>
      <input_file id="fl-5">
         <path>.\</path>
         <kind>object</kind>
         <file>JoyStick.o</file>
         <name>JoyStick.o</name>
      </input_file>
      <input_file id="fl-6">
         <path>.\</path>
         <kind>object</kind>
         <file>LED.o</file>
         <name>LED.o</name>
      </input_file>
      <input_file id="fl-7">
         <path>.\</path>
         <kind>object</kind>
         <file>Lab9Main.o</file>
         <name>Lab9Main.o</name>
      </input_file>
      <input_file id="fl-8">
         <path>.\</path>
         <kind>object</kind>
         <file>LaunchPad.o</file>
         <name>LaunchPad.o</name>
      </input_file>
      <input_file id="fl-9">
         <path>.\</path>
         <kind>object</kind>
         <file>SPI.o</file>
         <name>SPI.o</name>
      </input_file>
      <input_file id="fl-a">
         <path>.\</path>
         <kind>object</kind>
         <file>ST7735.o</file>
         <name>ST7735.o</name>
      </input_file>
      <input_file id="fl-b">
         <path>.\</path>
         <kind>object</kind>
         <file>SmallFont.o</file>
         <name>SmallFont.o</name>
      </input_file>
      <input_file id="fl-c">
         <path>.\</path>
         <kind>object</kind>
         <file>Sound.o</file>
         <name>Sound.o</name>
      </input_file>
      <input_file id="fl-d">
         <path>.\</path>
         <kind>object</kind>
         <file>SoundData.o</file>
         <name>SoundData.o</name>
      </input_file>
      <input_file id="fl-e">
         <path>.\</path>
         <kind>object</kind>
         <file>Switch.o</file>
         <name>Switch.o</name>
      </input_file>
      <input_file id="fl-f">
         <path>.\</path>
         <kind>object</kind>
         <file>TExaS.o</file>
         <name>TExaS.o</name>
      </input_file>
      <input_file id="fl-10">
         <path>.\</path>
         <kind>object</kind>
         <file>Timer.o</file>
         <name>Timer.o</name>
      </input_file>
      <input_file id="fl-11">
         <path>.\</path>
         <kind>object</kind>
         <file>UART1.o</file>
         <name>UART1.o</name>
      </input_file>
      <input_file id="fl-12">
         <path>.\</path>
         <kind>object</kind>
         <file>UART2.o</file>
         <name>UART2.o</name>
      </input_file>
      <input_file id="fl-13">
         <path>.\images\other\pipedreams\</path>
         <kind>object</kind>
         <file>PipeSound.o</file>
         <name>PipeSound.o</name>
      </input_file>
      <input_file id="fl-14">
         <path>.\ticlang\</path>
         <kind>object</kind>
         <file>startup_mspm0g3507_ticlang.o</file>
         <name>startup_mspm0g3507_ticlang.o</name>
      </input_file>
      <input_file id="fl-20">
         <kind>object</kind>
         <file>&lt;internal&gt;</file>
         <name>&lt;internal&gt;</name>
      </input_file>
      <input_file id="fl-2c">
         <path>C:\ti\ccs1240\ccs\tools\compiler\ti-cgt-armllvm_2.1.3.LTS\lib\armv6m-ti-none-eabi\c\</path>
         <kind>archive</kind>
         <file>libc.a</file>
         <name>fopen.c.obj</name>
      </input_file>
      <input_file id="fl-2d">
         <path>C:\ti\ccs1240\ccs\tools\compiler\ti-cgt-armllvm_2.1.3.LTS\lib\armv6m-ti-none-eabi\c\</path>
         <kind>archive</kind>
         <file>libc.a</file>
         <name>setvbuf.c.obj</name>
      </input_file>
      <input_file id="fl-2e">
         <path>C:\ti\ccs1240\ccs\tools\compiler\ti-cgt-armllvm_2.1.3.LTS\lib\armv6m-ti-none-eabi\c\</path>
         <kind>archive</kind>
         <file>libc.a</file>
         <name>exit.c.obj</name>
      </input_file>
      <input_file id="fl-2f">
         <path>C:\ti\ccs1240\ccs\tools\compiler\ti-cgt-armllvm_2.1.3.LTS\lib\armv6m-ti-none-eabi\c\</path>
         <kind>archive</kind>
         <file>libc.a</file>
         <name>_lock.c.obj</name>
      </input_file>
      <input_file id="fl-30">
         <path>C:\ti\ccs1240\ccs\tools\compiler\ti-cgt-armllvm_2.1.3.LTS\lib\armv6m-ti-none-eabi\c\</path>
         <kind>archive</kind>
         <file>libc.a</file>
         <name>defs.c.obj</name>
      </input_file>
      <input_file id="fl-31">
         <path>C:\ti\ccs1240\ccs\tools\compiler\ti-cgt-armllvm_2.1.3.LTS\lib\armv6m-ti-none-eabi\c\</path>
         <kind>archive</kind>
         <file>libc.a</file>
         <name>memory.c.obj</name>
      </input_file>
      <input_file id="fl-32">
         <path>C:\ti\ccs1240\ccs\tools\compiler\ti-cgt-armllvm_2.1.3.LTS\lib\armv6m-ti-none-eabi\c\</path>
         <kind>archive</kind>
         <file>libc.a</file>
         <name>copy_zero_init.c.obj</name>
      </input_file>
      <input_file id="fl-33">
         <path>C:\ti\ccs1240\ccs\tools\compiler\ti-cgt-armllvm_2.1.3.LTS\lib\armv6m-ti-none-eabi\c\</path>
         <kind>archive</kind>
         <file>libc.a</file>
         <name>copy_decompress_none.c.obj</name>
      </input_file>
      <input_file id="fl-34">
         <path>C:\ti\ccs1240\ccs\tools\compiler\ti-cgt-armllvm_2.1.3.LTS\lib\armv6m-ti-none-eabi\c\</path>
         <kind>archive</kind>
         <file>libc.a</file>
         <name>copy_decompress_lzss.c.obj</name>
      </input_file>
      <input_file id="fl-35">
         <path>C:\ti\ccs1240\ccs\tools\compiler\ti-cgt-armllvm_2.1.3.LTS\lib\armv6m-ti-none-eabi\c\</path>
         <kind>archive</kind>
         <file>libc.a</file>
         <name>boot_cortex_m.c.obj</name>
      </input_file>
      <input_file id="fl-36">
         <path>C:\ti\ccs1240\ccs\tools\compiler\ti-cgt-armllvm_2.1.3.LTS\lib\armv6m-ti-none-eabi\c\</path>
         <kind>archive</kind>
         <file>libc.a</file>
         <name>mathacl_init.c.obj</name>
      </input_file>
      <input_file id="fl-37">
         <path>C:\ti\ccs1240\ccs\tools\compiler\ti-cgt-armllvm_2.1.3.LTS\lib\armv6m-ti-none-eabi\c\</path>
         <kind>archive</kind>
         <file>libc.a</file>
         <name>fclose.c.obj</name>
      </input_file>
      <input_file id="fl-38">
         <path>C:\ti\ccs1240\ccs\tools\compiler\ti-cgt-armllvm_2.1.3.LTS\lib\armv6m-ti-none-eabi\c\</path>
         <kind>archive</kind>
         <file>libc.a</file>
         <name>fflush.c.obj</name>
      </input_file>
      <input_file id="fl-39">
         <path>C:\ti\ccs1240\ccs\tools\compiler\ti-cgt-armllvm_2.1.3.LTS\lib\armv6m-ti-none-eabi\c\</path>
         <kind>archive</kind>
         <file>libc.a</file>
         <name>args_main.c.obj</name>
      </input_file>
      <input_file id="fl-3a">
         <path>C:\ti\ccs1240\ccs\tools\compiler\ti-cgt-armllvm_2.1.3.LTS\lib\armv6m-ti-none-eabi\c\</path>
         <kind>archive</kind>
         <file>libc.a</file>
         <name>autoinit.c.obj</name>
      </input_file>
      <input_file id="fl-3b">
         <path>C:\ti\ccs1240\ccs\tools\compiler\ti-cgt-armllvm_2.1.3.LTS\lib\armv6m-ti-none-eabi\c\</path>
         <kind>archive</kind>
         <file>libc.a</file>
         <name>pre_init.c.obj</name>
      </input_file>
      <input_file id="fl-3c">
         <path>C:\ti\ccs1240\ccs\tools\compiler\ti-cgt-armllvm_2.1.3.LTS\lib\armv6m-ti-none-eabi\c\</path>
         <kind>archive</kind>
         <file>libc.a</file>
         <name>cpy_tbl.c.obj</name>
      </input_file>
      <input_file id="fl-75">
         <path>C:\ti\ccs1240\ccs\tools\compiler\ti-cgt-armllvm_2.1.3.LTS\lib\armv6m-ti-none-eabi\c\</path>
         <kind>archive</kind>
         <file>libsysbm.a</file>
         <name>write.c.obj</name>
      </input_file>
      <input_file id="fl-76">
         <path>C:\ti\ccs1240\ccs\tools\compiler\ti-cgt-armllvm_2.1.3.LTS\lib\armv6m-ti-none-eabi\c\</path>
         <kind>archive</kind>
         <file>libsysbm.a</file>
         <name>host_device.c.obj</name>
      </input_file>
      <input_file id="fl-77">
         <path>C:\ti\ccs1240\ccs\tools\compiler\ti-cgt-armllvm_2.1.3.LTS\lib\armv6m-ti-none-eabi\c\</path>
         <kind>archive</kind>
         <file>libsysbm.a</file>
         <name>remove.c.obj</name>
      </input_file>
      <input_file id="fl-78">
         <path>C:\ti\ccs1240\ccs\tools\compiler\ti-cgt-armllvm_2.1.3.LTS\lib\armv6m-ti-none-eabi\c\</path>
         <kind>archive</kind>
         <file>libsysbm.a</file>
         <name>open.c.obj</name>
      </input_file>
      <input_file id="fl-79">
         <path>C:\ti\ccs1240\ccs\tools\compiler\ti-cgt-armllvm_2.1.3.LTS\lib\armv6m-ti-none-eabi\c\</path>
         <kind>archive</kind>
         <file>libsysbm.a</file>
         <name>close.c.obj</name>
      </input_file>
      <input_file id="fl-7a">
         <path>C:\ti\ccs1240\ccs\tools\compiler\ti-cgt-armllvm_2.1.3.LTS\lib\armv6m-ti-none-eabi\c\</path>
         <kind>archive</kind>
         <file>libsysbm.a</file>
         <name>add_device.c.obj</name>
      </input_file>
      <input_file id="fl-7b">
         <path>C:\ti\ccs1240\ccs\tools\compiler\ti-cgt-armllvm_2.1.3.LTS\lib\armv6m-ti-none-eabi\c\</path>
         <kind>archive</kind>
         <file>libsysbm.a</file>
         <name>unlink.c.obj</name>
      </input_file>
      <input_file id="fl-7c">
         <path>C:\ti\ccs1240\ccs\tools\compiler\ti-cgt-armllvm_2.1.3.LTS\lib\armv6m-ti-none-eabi\c\</path>
         <kind>archive</kind>
         <file>libsysbm.a</file>
         <name>hostclose.c.obj</name>
      </input_file>
      <input_file id="fl-7d">
         <path>C:\ti\ccs1240\ccs\tools\compiler\ti-cgt-armllvm_2.1.3.LTS\lib\armv6m-ti-none-eabi\c\</path>
         <kind>archive</kind>
         <file>libsysbm.a</file>
         <name>hostlseek.c.obj</name>
      </input_file>
      <input_file id="fl-7e">
         <path>C:\ti\ccs1240\ccs\tools\compiler\ti-cgt-armllvm_2.1.3.LTS\lib\armv6m-ti-none-eabi\c\</path>
         <kind>archive</kind>
         <file>libsysbm.a</file>
         <name>hostopen.c.obj</name>
      </input_file>
      <input_file id="fl-7f">
         <path>C:\ti\ccs1240\ccs\tools\compiler\ti-cgt-armllvm_2.1.3.LTS\lib\armv6m-ti-none-eabi\c\</path>
         <kind>archive</kind>
         <file>libsysbm.a</file>
         <name>hostread.c.obj</name>
      </input_file>
      <input_file id="fl-80">
         <path>C:\ti\ccs1240\ccs\tools\compiler\ti-cgt-armllvm_2.1.3.LTS\lib\armv6m-ti-none-eabi\c\</path>
         <kind>archive</kind>
         <file>libsysbm.a</file>
         <name>hostrename.c.obj</name>
      </input_file>
      <input_file id="fl-81">
         <path>C:\ti\ccs1240\ccs\tools\compiler\ti-cgt-armllvm_2.1.3.LTS\lib\armv6m-ti-none-eabi\c\</path>
         <kind>archive</kind>
         <file>libsysbm.a</file>
         <name>hostunlink.c.obj</name>
      </input_file>
      <input_file id="fl-82">
         <path>C:\ti\ccs1240\ccs\tools\compiler\ti-cgt-armllvm_2.1.3.LTS\lib\armv6m-ti-none-eabi\c\</path>
         <kind>archive</kind>
         <file>libsysbm.a</file>
         <name>hostwrite.c.obj</name>
      </input_file>
      <input_file id="fl-83">
         <path>C:\ti\ccs1240\ccs\tools\compiler\ti-cgt-armllvm_2.1.3.LTS\lib\armv6m-ti-none-eabi\c\</path>
         <kind>archive</kind>
         <file>libsysbm.a</file>
         <name>trgmsg.c.obj</name>
      </input_file>
      <input_file id="fl-84">
         <path>C:\ti\ccs1240\ccs\tools\compiler\ti-cgt-armllvm_2.1.3.LTS\lib\clang\14.0.6\lib\armv6m-ti-none-eabi\</path>
         <kind>archive</kind>
         <file>libclang_rt.builtins.a</file>
         <name>addsf3.S.obj</name>
      </input_file>
      <input_file id="fl-85">
         <path>C:\ti\ccs1240\ccs\tools\compiler\ti-cgt-armllvm_2.1.3.LTS\lib\clang\14.0.6\lib\armv6m-ti-none-eabi\</path>
         <kind>archive</kind>
         <file>libclang_rt.builtins.a</file>
         <name>adddf3.S.obj</name>
      </input_file>
      <input_file id="fl-86">
         <path>C:\ti\ccs1240\ccs\tools\compiler\ti-cgt-armllvm_2.1.3.LTS\lib\clang\14.0.6\lib\armv6m-ti-none-eabi\</path>
         <kind>archive</kind>
         <file>libclang_rt.builtins.a</file>
         <name>muldf3.S.obj</name>
      </input_file>
      <input_file id="fl-87">
         <path>C:\ti\ccs1240\ccs\tools\compiler\ti-cgt-armllvm_2.1.3.LTS\lib\clang\14.0.6\lib\armv6m-ti-none-eabi\</path>
         <kind>archive</kind>
         <file>libclang_rt.builtins.a</file>
         <name>muldsi3.S.obj</name>
      </input_file>
      <input_file id="fl-88">
         <path>C:\ti\ccs1240\ccs\tools\compiler\ti-cgt-armllvm_2.1.3.LTS\lib\clang\14.0.6\lib\armv6m-ti-none-eabi\</path>
         <kind>archive</kind>
         <file>libclang_rt.builtins.a</file>
         <name>mulsf3.S.obj</name>
      </input_file>
      <input_file id="fl-89">
         <path>C:\ti\ccs1240\ccs\tools\compiler\ti-cgt-armllvm_2.1.3.LTS\lib\clang\14.0.6\lib\armv6m-ti-none-eabi\</path>
         <kind>archive</kind>
         <file>libclang_rt.builtins.a</file>
         <name>divsf3.S.obj</name>
      </input_file>
      <input_file id="fl-8a">
         <path>C:\ti\ccs1240\ccs\tools\compiler\ti-cgt-armllvm_2.1.3.LTS\lib\clang\14.0.6\lib\armv6m-ti-none-eabi\</path>
         <kind>archive</kind>
         <file>libclang_rt.builtins.a</file>
         <name>divdf3.S.obj</name>
      </input_file>
      <input_file id="fl-8b">
         <path>C:\ti\ccs1240\ccs\tools\compiler\ti-cgt-armllvm_2.1.3.LTS\lib\clang\14.0.6\lib\armv6m-ti-none-eabi\</path>
         <kind>archive</kind>
         <file>libclang_rt.builtins.a</file>
         <name>extendsfdf2.S.obj</name>
      </input_file>
      <input_file id="fl-8c">
         <path>C:\ti\ccs1240\ccs\tools\compiler\ti-cgt-armllvm_2.1.3.LTS\lib\clang\14.0.6\lib\armv6m-ti-none-eabi\</path>
         <kind>archive</kind>
         <file>libclang_rt.builtins.a</file>
         <name>fixdfsi.S.obj</name>
      </input_file>
      <input_file id="fl-8d">
         <path>C:\ti\ccs1240\ccs\tools\compiler\ti-cgt-armllvm_2.1.3.LTS\lib\clang\14.0.6\lib\armv6m-ti-none-eabi\</path>
         <kind>archive</kind>
         <file>libclang_rt.builtins.a</file>
         <name>floatsidf.S.obj</name>
      </input_file>
      <input_file id="fl-8e">
         <path>C:\ti\ccs1240\ccs\tools\compiler\ti-cgt-armllvm_2.1.3.LTS\lib\clang\14.0.6\lib\armv6m-ti-none-eabi\</path>
         <kind>archive</kind>
         <file>libclang_rt.builtins.a</file>
         <name>floatunsisf.S.obj</name>
      </input_file>
      <input_file id="fl-8f">
         <path>C:\ti\ccs1240\ccs\tools\compiler\ti-cgt-armllvm_2.1.3.LTS\lib\clang\14.0.6\lib\armv6m-ti-none-eabi\</path>
         <kind>archive</kind>
         <file>libclang_rt.builtins.a</file>
         <name>truncdfsf2.S.obj</name>
      </input_file>
      <input_file id="fl-90">
         <path>C:\ti\ccs1240\ccs\tools\compiler\ti-cgt-armllvm_2.1.3.LTS\lib\clang\14.0.6\lib\armv6m-ti-none-eabi\</path>
         <kind>archive</kind>
         <file>libclang_rt.builtins.a</file>
         <name>aeabi_dcmp.S.obj</name>
      </input_file>
      <input_file id="fl-91">
         <path>C:\ti\ccs1240\ccs\tools\compiler\ti-cgt-armllvm_2.1.3.LTS\lib\clang\14.0.6\lib\armv6m-ti-none-eabi\</path>
         <kind>archive</kind>
         <file>libclang_rt.builtins.a</file>
         <name>aeabi_fcmp.S.obj</name>
      </input_file>
      <input_file id="fl-92">
         <path>C:\ti\ccs1240\ccs\tools\compiler\ti-cgt-armllvm_2.1.3.LTS\lib\clang\14.0.6\lib\armv6m-ti-none-eabi\</path>
         <kind>archive</kind>
         <file>libclang_rt.builtins.a</file>
         <name>aeabi_idivmod.S.obj</name>
      </input_file>
      <input_file id="fl-93">
         <path>C:\ti\ccs1240\ccs\tools\compiler\ti-cgt-armllvm_2.1.3.LTS\lib\clang\14.0.6\lib\armv6m-ti-none-eabi\</path>
         <kind>archive</kind>
         <file>libclang_rt.builtins.a</file>
         <name>aeabi_memcpy.S.obj</name>
      </input_file>
      <input_file id="fl-94">
         <path>C:\ti\ccs1240\ccs\tools\compiler\ti-cgt-armllvm_2.1.3.LTS\lib\clang\14.0.6\lib\armv6m-ti-none-eabi\</path>
         <kind>archive</kind>
         <file>libclang_rt.builtins.a</file>
         <name>aeabi_memset.S.obj</name>
      </input_file>
      <input_file id="fl-95">
         <path>C:\ti\ccs1240\ccs\tools\compiler\ti-cgt-armllvm_2.1.3.LTS\lib\clang\14.0.6\lib\armv6m-ti-none-eabi\</path>
         <kind>archive</kind>
         <file>libclang_rt.builtins.a</file>
         <name>aeabi_uidivmod.S.obj</name>
      </input_file>
      <input_file id="fl-96">
         <path>C:\ti\ccs1240\ccs\tools\compiler\ti-cgt-armllvm_2.1.3.LTS\lib\clang\14.0.6\lib\armv6m-ti-none-eabi\</path>
         <kind>archive</kind>
         <file>libclang_rt.builtins.a</file>
         <name>comparesf2.S.obj</name>
      </input_file>
      <input_file id="fl-97">
         <path>C:\ti\ccs1240\ccs\tools\compiler\ti-cgt-armllvm_2.1.3.LTS\lib\clang\14.0.6\lib\armv6m-ti-none-eabi\</path>
         <kind>archive</kind>
         <file>libclang_rt.builtins.a</file>
         <name>comparedf2.c.obj</name>
      </input_file>
      <input_file id="fl-98">
         <path>C:\ti\ccs1240\ccs\tools\compiler\ti-cgt-armllvm_2.1.3.LTS\lib\clang\14.0.6\lib\armv6m-ti-none-eabi\</path>
         <kind>archive</kind>
         <file>libclang_rt.builtins.a</file>
         <name>aeabi_div0.c.obj</name>
      </input_file>
      <input_file id="fl-99">
         <path>C:\ti\ccs1240\ccs\tools\compiler\ti-cgt-armllvm_2.1.3.LTS\lib\armv6m-ti-none-eabi\c\</path>
         <kind>archive</kind>
         <file>libc.a</file>
         <name>getdevice.c.obj</name>
      </input_file>
      <input_file id="fl-9a">
         <path>C:\ti\ccs1240\ccs\tools\compiler\ti-cgt-armllvm_2.1.3.LTS\lib\armv6m-ti-none-eabi\c\</path>
         <kind>archive</kind>
         <file>libc.a</file>
         <name>memcpy16.S.obj</name>
      </input_file>
      <input_file id="fl-9b">
         <path>C:\ti\ccs1240\ccs\tools\compiler\ti-cgt-armllvm_2.1.3.LTS\lib\armv6m-ti-none-eabi\c\</path>
         <kind>archive</kind>
         <file>libc.a</file>
         <name>memset16.S.obj</name>
      </input_file>
   </input_file_list>
   <object_component_list>
      <object_component id="oc-18">
         <name>.intvecs</name>
         <load_address>0x0</load_address>
         <run_address>0x0</run_address>
         <size>0xc0</size>
         <input_file_ref idref="fl-14"/>
      </object_component>
      <object_component id="oc-6b">
         <name>.text.ShowDialogue</name>
         <load_address>0xf2f0</load_address>
         <run_address>0xf2f0</run_address>
         <size>0x2a8</size>
         <input_file_ref idref="fl-7"/>
      </object_component>
      <object_component id="oc-a7">
         <name>.text.ST7735_DrawBitmap</name>
         <load_address>0xf598</load_address>
         <run_address>0xf598</run_address>
         <size>0x210</size>
         <input_file_ref idref="fl-a"/>
      </object_component>
      <object_component id="oc-1a8">
         <name>.text.Clock_Init80MHz</name>
         <load_address>0xf7a8</load_address>
         <run_address>0xf7a8</run_address>
         <size>0x1b4</size>
         <input_file_ref idref="fl-2"/>
      </object_component>
      <object_component id="oc-1f1">
         <name>.text.ST7735_DrawCharS</name>
         <load_address>0xf95c</load_address>
         <run_address>0xf95c</run_address>
         <size>0x1a0</size>
         <input_file_ref idref="fl-a"/>
      </object_component>
      <object_component id="oc-1fb">
         <name>.text</name>
         <load_address>0xfafc</load_address>
         <run_address>0xfafc</run_address>
         <size>0x192</size>
         <input_file_ref idref="fl-85"/>
      </object_component>
      <object_component id="oc-127">
         <name>.text.LED_Init</name>
         <load_address>0xfc8e</load_address>
         <run_address>0xfc8e</run_address>
         <size>0x2</size>
         <input_file_ref idref="fl-6"/>
      </object_component>
      <object_component id="oc-72">
         <name>.text.DrawGameScreen</name>
         <load_address>0xfc90</load_address>
         <run_address>0xfc90</run_address>
         <size>0x180</size>
         <input_file_ref idref="fl-7"/>
      </object_component>
      <object_component id="oc-22c">
         <name>.text._openfile</name>
         <load_address>0xfe10</load_address>
         <run_address>0xfe10</run_address>
         <size>0x13c</size>
         <input_file_ref idref="fl-2c"/>
      </object_component>
      <object_component id="oc-295">
         <name>.text.aligned_alloc</name>
         <load_address>0xff4c</load_address>
         <run_address>0xff4c</run_address>
         <size>0x13c</size>
         <input_file_ref idref="fl-31"/>
      </object_component>
      <object_component id="oc-1d2">
         <name>.text.ADC_Init</name>
         <load_address>0x10088</load_address>
         <run_address>0x10088</run_address>
         <size>0x128</size>
         <input_file_ref idref="fl-f"/>
      </object_component>
      <object_component id="oc-12e">
         <name>.text.ADC_InitDual</name>
         <load_address>0x101b0</load_address>
         <run_address>0x101b0</run_address>
         <size>0x124</size>
         <input_file_ref idref="fl-1"/>
      </object_component>
      <object_component id="oc-16a">
         <name>.text.ST7735_FillRect</name>
         <load_address>0x102d4</load_address>
         <run_address>0x102d4</run_address>
         <size>0x118</size>
         <input_file_ref idref="fl-a"/>
      </object_component>
      <object_component id="oc-17e">
         <name>.text</name>
         <load_address>0x103ec</load_address>
         <run_address>0x103ec</run_address>
         <size>0x10c</size>
         <input_file_ref idref="fl-8a"/>
      </object_component>
      <object_component id="oc-237">
         <name>.text.free</name>
         <load_address>0x104f8</load_address>
         <run_address>0x104f8</run_address>
         <size>0x100</size>
         <input_file_ref idref="fl-31"/>
      </object_component>
      <object_component id="oc-259">
         <name>.text.SPI_Init</name>
         <load_address>0x105f8</load_address>
         <run_address>0x105f8</run_address>
         <size>0xf8</size>
         <input_file_ref idref="fl-9"/>
      </object_component>
      <object_component id="oc-12f">
         <name>.text.ADC0_Init</name>
         <load_address>0x106f0</load_address>
         <run_address>0x106f0</run_address>
         <size>0xf4</size>
         <input_file_ref idref="fl-1"/>
      </object_component>
      <object_component id="oc-f9">
         <name>.text.FourDirectionalBurst</name>
         <load_address>0x107e4</load_address>
         <run_address>0x107e4</run_address>
         <size>0xf0</size>
         <input_file_ref idref="fl-7"/>
      </object_component>
      <object_component id="oc-6d">
         <name>.text.UpdatePlayerPosition</name>
         <load_address>0x108d4</load_address>
         <run_address>0x108d4</run_address>
         <size>0xf0</size>
         <input_file_ref idref="fl-7"/>
      </object_component>
      <object_component id="oc-fa">
         <name>.text.ExpandingCircle</name>
         <load_address>0x109c4</load_address>
         <run_address>0x109c4</run_address>
         <size>0xe8</size>
         <input_file_ref idref="fl-7"/>
      </object_component>
      <object_component id="oc-1d8">
         <name>.text.UART_Init</name>
         <load_address>0x10aac</load_address>
         <run_address>0x10aac</run_address>
         <size>0xe8</size>
         <input_file_ref idref="fl-f"/>
      </object_component>
      <object_component id="oc-1b9">
         <name>.text.add_device</name>
         <load_address>0x10b94</load_address>
         <run_address>0x10b94</run_address>
         <size>0xe8</size>
         <input_file_ref idref="fl-7a"/>
      </object_component>
      <object_component id="oc-17a">
         <name>.text</name>
         <load_address>0x10c7c</load_address>
         <run_address>0x10c7c</run_address>
         <size>0xe4</size>
         <input_file_ref idref="fl-86"/>
      </object_component>
      <object_component id="oc-e5">
         <name>.text.IsCollidingWithPlayer</name>
         <load_address>0x10d60</load_address>
         <run_address>0x10d60</run_address>
         <size>0xe0</size>
         <input_file_ref idref="fl-7"/>
      </object_component>
      <object_component id="oc-1c4">
         <name>.text.setvbuf</name>
         <load_address>0x10e40</load_address>
         <run_address>0x10e40</run_address>
         <size>0xe0</size>
         <input_file_ref idref="fl-2d"/>
      </object_component>
      <object_component id="oc-f0">
         <name>.text.DrawGameGood</name>
         <load_address>0x10f20</load_address>
         <run_address>0x10f20</run_address>
         <size>0xd8</size>
         <input_file_ref idref="fl-7"/>
      </object_component>
      <object_component id="oc-ef">
         <name>.text.DrawGameOver</name>
         <load_address>0x10ff8</load_address>
         <run_address>0x10ff8</run_address>
         <size>0xd8</size>
         <input_file_ref idref="fl-7"/>
      </object_component>
      <object_component id="oc-20a">
         <name>.text</name>
         <load_address>0x110d0</load_address>
         <run_address>0x110d0</run_address>
         <size>0xd8</size>
         <input_file_ref idref="fl-84"/>
      </object_component>
      <object_component id="oc-167">
         <name>.text.ST7735_OutChar</name>
         <load_address>0x111a8</load_address>
         <run_address>0x111a8</run_address>
         <size>0xd4</size>
         <input_file_ref idref="fl-a"/>
      </object_component>
      <object_component id="oc-11f">
         <name>.text.UART2_Init</name>
         <load_address>0x1127c</load_address>
         <run_address>0x1127c</run_address>
         <size>0xc4</size>
         <input_file_ref idref="fl-12"/>
      </object_component>
      <object_component id="oc-193">
         <name>.text.sin_approx</name>
         <load_address>0x11340</load_address>
         <run_address>0x11340</run_address>
         <size>0xc0</size>
         <input_file_ref idref="fl-7"/>
      </object_component>
      <object_component id="oc-6e">
         <name>.text.UpdateBullets</name>
         <load_address>0x11400</load_address>
         <run_address>0x11400</run_address>
         <size>0xb8</size>
         <input_file_ref idref="fl-7"/>
      </object_component>
      <object_component id="oc-fd">
         <name>.text.WallAttackSequence2</name>
         <load_address>0x114b8</load_address>
         <run_address>0x114b8</run_address>
         <size>0xb2</size>
         <input_file_ref idref="fl-7"/>
      </object_component>
      <object_component id="oc-fc">
         <name>.text.WallAttackSequence</name>
         <load_address>0x1156a</load_address>
         <run_address>0x1156a</run_address>
         <size>0xb2</size>
         <input_file_ref idref="fl-7"/>
      </object_component>
      <object_component id="oc-2e">
         <name>.text.SysTick_Handler</name>
         <load_address>0x1161c</load_address>
         <run_address>0x1161c</run_address>
         <size>0xac</size>
         <input_file_ref idref="fl-7"/>
      </object_component>
      <object_component id="oc-131">
         <name>.text.TimerA1_IntArm</name>
         <load_address>0x116c8</load_address>
         <run_address>0x116c8</run_address>
         <size>0xac</size>
         <input_file_ref idref="fl-10"/>
      </object_component>
      <object_component id="oc-1da">
         <name>.text.TimerG7_IntArm</name>
         <load_address>0x11774</load_address>
         <run_address>0x11774</run_address>
         <size>0xa8</size>
         <input_file_ref idref="fl-10"/>
      </object_component>
      <object_component id="oc-20f">
         <name>.text.TimerG8_IntArm</name>
         <load_address>0x1181c</load_address>
         <run_address>0x1181c</run_address>
         <size>0xa8</size>
         <input_file_ref idref="fl-10"/>
      </object_component>
      <object_component id="oc-27e">
         <name>.text.open</name>
         <load_address>0x118c4</load_address>
         <run_address>0x118c4</run_address>
         <size>0xa8</size>
         <input_file_ref idref="fl-78"/>
      </object_component>
      <object_component id="oc-194">
         <name>.text.GetDirectionTowardsPlayer</name>
         <load_address>0x1196c</load_address>
         <run_address>0x1196c</run_address>
         <size>0xa4</size>
         <input_file_ref idref="fl-7"/>
      </object_component>
      <object_component id="oc-21a">
         <name>.text.commandList</name>
         <load_address>0x11a10</load_address>
         <run_address>0x11a10</run_address>
         <size>0xa2</size>
         <input_file_ref idref="fl-a"/>
      </object_component>
      <object_component id="oc-ff">
         <name>.text.__aeabi_idiv0</name>
         <load_address>0x11ab2</load_address>
         <run_address>0x11ab2</run_address>
         <size>0x2</size>
         <input_file_ref idref="fl-98"/>
      </object_component>
      <object_component id="oc-76">
         <name>.text.ResetGame</name>
         <load_address>0x11ab4</load_address>
         <run_address>0x11ab4</run_address>
         <size>0xa0</size>
         <input_file_ref idref="fl-7"/>
      </object_component>
      <object_component id="oc-9c">
         <name>.text.main</name>
         <load_address>0x11b54</load_address>
         <run_address>0x11b54</run_address>
         <size>0xa0</size>
         <input_file_ref idref="fl-7"/>
      </object_component>
      <object_component id="oc-120">
         <name>.text.ST7735_InitPrintf</name>
         <load_address>0x11bf4</load_address>
         <run_address>0x11bf4</run_address>
         <size>0x9c</size>
         <input_file_ref idref="fl-a"/>
      </object_component>
      <object_component id="oc-8f">
         <name>.text.NoteDurationTimerHandler</name>
         <load_address>0x11c90</load_address>
         <run_address>0x11c90</run_address>
         <size>0x98</size>
         <input_file_ref idref="fl-c"/>
      </object_component>
      <object_component id="oc-1b8">
         <name>.text.ST7735_InitR</name>
         <load_address>0x11d28</load_address>
         <run_address>0x11d28</run_address>
         <size>0x98</size>
         <input_file_ref idref="fl-a"/>
      </object_component>
      <object_component id="oc-6f">
         <name>.text.CheckCollisions</name>
         <load_address>0x11dc0</load_address>
         <run_address>0x11dc0</run_address>
         <size>0x94</size>
         <input_file_ref idref="fl-7"/>
      </object_component>
      <object_component id="oc-210">
         <name>.text.TimerG12_IntArm</name>
         <load_address>0x11e54</load_address>
         <run_address>0x11e54</run_address>
         <size>0x94</size>
         <input_file_ref idref="fl-10"/>
      </object_component>
      <object_component id="oc-15f">
         <name>.text</name>
         <load_address>0x11ee8</load_address>
         <run_address>0x11ee8</run_address>
         <size>0x8e</size>
         <input_file_ref idref="fl-96"/>
      </object_component>
      <object_component id="oc-241">
         <name>.text._nop</name>
         <load_address>0x11f76</load_address>
         <run_address>0x11f76</run_address>
         <size>0x2</size>
         <input_file_ref idref="fl-2f"/>
      </object_component>
      <object_component id="oc-3d">
         <name>.text.TIMA1_IRQHandler</name>
         <load_address>0x11f78</load_address>
         <run_address>0x11f78</run_address>
         <size>0x8c</size>
         <input_file_ref idref="fl-7"/>
      </object_component>
      <object_component id="oc-187">
         <name>.text</name>
         <load_address>0x12004</load_address>
         <run_address>0x12004</run_address>
         <size>0x8c</size>
         <input_file_ref idref="fl-88"/>
      </object_component>
      <object_component id="oc-fe">
         <name>.text.FlappyBirdAttack</name>
         <load_address>0x12090</load_address>
         <run_address>0x12090</run_address>
         <size>0x88</size>
         <input_file_ref idref="fl-7"/>
      </object_component>
      <object_component id="oc-150">
         <name>.text.setAddrWindow</name>
         <load_address>0x12118</load_address>
         <run_address>0x12118</run_address>
         <size>0x88</size>
         <input_file_ref idref="fl-a"/>
      </object_component>
      <object_component id="oc-115">
         <name>.text.LaunchPad_Init</name>
         <load_address>0x121a0</load_address>
         <run_address>0x121a0</run_address>
         <size>0x84</size>
         <input_file_ref idref="fl-8"/>
      </object_component>
      <object_component id="oc-1f0">
         <name>.text.ST7735_DrawString</name>
         <load_address>0x12224</load_address>
         <run_address>0x12224</run_address>
         <size>0x84</size>
         <input_file_ref idref="fl-a"/>
      </object_component>
      <object_component id="oc-fb">
         <name>.text.TargetedBurstAttack</name>
         <load_address>0x122a8</load_address>
         <run_address>0x122a8</run_address>
         <size>0x84</size>
         <input_file_ref idref="fl-7"/>
      </object_component>
      <object_component id="oc-1bd">
         <name>.text.fopen</name>
         <load_address>0x1232c</load_address>
         <run_address>0x1232c</run_address>
         <size>0x84</size>
         <input_file_ref idref="fl-2c"/>
      </object_component>
      <object_component id="oc-206">
         <name>.text</name>
         <load_address>0x123b0</load_address>
         <run_address>0x123b0</run_address>
         <size>0x82</size>
         <input_file_ref idref="fl-89"/>
      </object_component>
      <object_component id="oc-11a">
         <name>.text.UART1_Init</name>
         <load_address>0x12434</load_address>
         <run_address>0x12434</run_address>
         <size>0x80</size>
         <input_file_ref idref="fl-11"/>
      </object_component>
      <object_component id="oc-d7">
         <name>.text.DrawMenu</name>
         <load_address>0x124b4</load_address>
         <run_address>0x124b4</run_address>
         <size>0x7c</size>
         <input_file_ref idref="fl-7"/>
      </object_component>
      <object_component id="oc-231">
         <name>.text.__TI_closefile</name>
         <load_address>0x12530</load_address>
         <run_address>0x12530</run_address>
         <size>0x7c</size>
         <input_file_ref idref="fl-37"/>
      </object_component>
      <object_component id="oc-2c">
         <name>.text.Default_Handler</name>
         <load_address>0x125ac</load_address>
         <run_address>0x125ac</run_address>
         <size>0x4</size>
         <input_file_ref idref="fl-14"/>
      </object_component>
      <object_component id="oc-182">
         <name>.text</name>
         <load_address>0x125b0</load_address>
         <run_address>0x125b0</run_address>
         <size>0x74</size>
         <input_file_ref idref="fl-8f"/>
      </object_component>
      <object_component id="oc-24a">
         <name>.text.ST7735_DrawPixel</name>
         <load_address>0x12624</load_address>
         <run_address>0x12624</run_address>
         <size>0x70</size>
         <input_file_ref idref="fl-a"/>
      </object_component>
      <object_component id="oc-255">
         <name>.text.__gedf2</name>
         <load_address>0x12694</load_address>
         <run_address>0x12694</run_address>
         <size>0x70</size>
         <input_file_ref idref="fl-97"/>
      </object_component>
      <object_component id="oc-24f">
         <name>.text.__ledf2</name>
         <load_address>0x12704</load_address>
         <run_address>0x12704</run_address>
         <size>0x70</size>
         <input_file_ref idref="fl-97"/>
      </object_component>
      <object_component id="oc-82">
         <name>.text.PerformAttack</name>
         <load_address>0x12774</load_address>
         <run_address>0x12774</run_address>
         <size>0x6c</size>
         <input_file_ref idref="fl-7"/>
      </object_component>
      <object_component id="oc-2b9">
         <name>.text.getdevice</name>
         <load_address>0x127e0</load_address>
         <run_address>0x127e0</run_address>
         <size>0x6c</size>
         <input_file_ref idref="fl-99"/>
      </object_component>
      <object_component id="oc-26d">
         <name>.text.HOSTlseek</name>
         <load_address>0x1284c</load_address>
         <run_address>0x1284c</run_address>
         <size>0x68</size>
         <input_file_ref idref="fl-7d"/>
      </object_component>
      <object_component id="oc-275">
         <name>.text.HOSTrename</name>
         <load_address>0x128b4</load_address>
         <run_address>0x128b4</run_address>
         <size>0x68</size>
         <input_file_ref idref="fl-80"/>
      </object_component>
      <object_component id="oc-e7">
         <name>.text.UpdateHealthBar</name>
         <load_address>0x1291c</load_address>
         <run_address>0x1291c</run_address>
         <size>0x68</size>
         <input_file_ref idref="fl-7"/>
      </object_component>
      <object_component id="oc-1c">
         <name>.text:decompress:lzss</name>
         <load_address>0x12984</load_address>
         <run_address>0x12984</run_address>
         <size>0x68</size>
         <input_file_ref idref="fl-34"/>
      </object_component>
      <object_component id="oc-e2">
         <name>.text.IsOutOfBound</name>
         <load_address>0x129ec</load_address>
         <run_address>0x129ec</run_address>
         <size>0x66</size>
         <input_file_ref idref="fl-7"/>
      </object_component>
      <object_component id="oc-da">
         <name>.text.ADC_InDual</name>
         <load_address>0x12a54</load_address>
         <run_address>0x12a54</run_address>
         <size>0x64</size>
         <input_file_ref idref="fl-1"/>
      </object_component>
      <object_component id="oc-175">
         <name>.text.AddBullet</name>
         <load_address>0x12ab8</load_address>
         <run_address>0x12ab8</run_address>
         <size>0x64</size>
         <input_file_ref idref="fl-7"/>
      </object_component>
      <object_component id="oc-73">
         <name>.text.IsGameOver</name>
         <load_address>0x12b1c</load_address>
         <run_address>0x12b1c</run_address>
         <size>0x64</size>
         <input_file_ref idref="fl-7"/>
      </object_component>
      <object_component id="oc-2d0">
         <name>.text.split</name>
         <load_address>0x12b80</load_address>
         <run_address>0x12b80</run_address>
         <size>0x64</size>
         <input_file_ref idref="fl-31"/>
      </object_component>
      <object_component id="oc-202">
         <name>.text</name>
         <load_address>0x12be4</load_address>
         <run_address>0x12be4</run_address>
         <size>0x62</size>
         <input_file_ref idref="fl-90"/>
      </object_component>
      <object_component id="oc-b2">
         <name>.text</name>
         <load_address>0x12c48</load_address>
         <run_address>0x12c48</run_address>
         <size>0x62</size>
         <input_file_ref idref="fl-91"/>
      </object_component>
      <object_component id="oc-25d">
         <name>.text.HOSTopen</name>
         <load_address>0x12cac</load_address>
         <run_address>0x12cac</run_address>
         <size>0x5c</size>
         <input_file_ref idref="fl-7e"/>
      </object_component>
      <object_component id="oc-265">
         <name>.text.HOSTread</name>
         <load_address>0x12d08</load_address>
         <run_address>0x12d08</run_address>
         <size>0x58</size>
         <input_file_ref idref="fl-7f"/>
      </object_component>
      <object_component id="oc-269">
         <name>.text.HOSTwrite</name>
         <load_address>0x12d60</load_address>
         <run_address>0x12d60</run_address>
         <size>0x58</size>
         <input_file_ref idref="fl-82"/>
      </object_component>
      <object_component id="oc-12d">
         <name>.text.TExaS_Init</name>
         <load_address>0x12db8</load_address>
         <run_address>0x12db8</run_address>
         <size>0x58</size>
         <input_file_ref idref="fl-f"/>
      </object_component>
      <object_component id="oc-83">
         <name>.text</name>
         <load_address>0x12e10</load_address>
         <run_address>0x12e10</run_address>
         <size>0x56</size>
         <input_file_ref idref="fl-92"/>
      </object_component>
      <object_component id="oc-6c">
         <name>.text.ShowMainMenu</name>
         <load_address>0x12e68</load_address>
         <run_address>0x12e68</run_address>
         <size>0x54</size>
         <input_file_ref idref="fl-7"/>
      </object_component>
      <object_component id="oc-ba">
         <name>.text.Switch_In</name>
         <load_address>0x12ebc</load_address>
         <run_address>0x12ebc</run_address>
         <size>0x54</size>
         <input_file_ref idref="fl-e"/>
      </object_component>
      <object_component id="oc-282">
         <name>.text.__TI_doflush</name>
         <load_address>0x12f10</load_address>
         <run_address>0x12f10</run_address>
         <size>0x50</size>
         <input_file_ref idref="fl-38"/>
      </object_component>
      <object_component id="oc-288">
         <name>.text.close</name>
         <load_address>0x12f60</load_address>
         <run_address>0x12f60</run_address>
         <size>0x50</size>
         <input_file_ref idref="fl-79"/>
      </object_component>
      <object_component id="oc-75">
         <name>.text.ShowGameGood</name>
         <load_address>0x12fb0</load_address>
         <run_address>0x12fb0</run_address>
         <size>0x4c</size>
         <input_file_ref idref="fl-7"/>
      </object_component>
      <object_component id="oc-74">
         <name>.text.ShowGameOver</name>
         <load_address>0x12ffc</load_address>
         <run_address>0x12ffc</run_address>
         <size>0x4c</size>
         <input_file_ref idref="fl-7"/>
      </object_component>
      <object_component id="oc-18f">
         <name>.text</name>
         <load_address>0x13048</load_address>
         <run_address>0x13048</run_address>
         <size>0x4a</size>
         <input_file_ref idref="fl-8c"/>
      </object_component>
      <object_component id="oc-d9">
         <name>.text.ChangeLanguage</name>
         <load_address>0x13094</load_address>
         <run_address>0x13094</run_address>
         <size>0x48</size>
         <input_file_ref idref="fl-7"/>
      </object_component>
      <object_component id="oc-261">
         <name>.text.HOSTclose</name>
         <load_address>0x130dc</load_address>
         <run_address>0x130dc</run_address>
         <size>0x48</size>
         <input_file_ref idref="fl-7c"/>
      </object_component>
      <object_component id="oc-271">
         <name>.text.HOSTunlink</name>
         <load_address>0x13124</load_address>
         <run_address>0x13124</run_address>
         <size>0x48</size>
         <input_file_ref idref="fl-81"/>
      </object_component>
      <object_component id="oc-121">
         <name>.text.JoyStick_Init</name>
         <load_address>0x1316c</load_address>
         <run_address>0x1316c</run_address>
         <size>0x48</size>
         <input_file_ref idref="fl-5"/>
      </object_component>
      <object_component id="oc-1e9">
         <name>.text.SPI_OutCommand</name>
         <load_address>0x131b4</load_address>
         <run_address>0x131b4</run_address>
         <size>0x48</size>
         <input_file_ref idref="fl-9"/>
      </object_component>
      <object_component id="oc-b9">
         <name>.text.StartSong</name>
         <load_address>0x131fc</load_address>
         <run_address>0x131fc</run_address>
         <size>0x48</size>
         <input_file_ref idref="fl-c"/>
      </object_component>
      <object_component id="oc-df">
         <name>.text.ADC0_In</name>
         <load_address>0x13244</load_address>
         <run_address>0x13244</run_address>
         <size>0x44</size>
         <input_file_ref idref="fl-1"/>
      </object_component>
      <object_component id="oc-130">
         <name>.text.SysTick_IntArm</name>
         <load_address>0x13288</load_address>
         <run_address>0x13288</run_address>
         <size>0x44</size>
         <input_file_ref idref="fl-7"/>
      </object_component>
      <object_component id="oc-29a">
         <name>.text.SPI_Reset</name>
         <load_address>0x132cc</load_address>
         <run_address>0x132cc</run_address>
         <size>0x40</size>
         <input_file_ref idref="fl-9"/>
      </object_component>
      <object_component id="oc-3e">
         <name>.text.TIMG7_IRQHandler</name>
         <load_address>0x1330c</load_address>
         <run_address>0x1330c</run_address>
         <size>0x40</size>
         <input_file_ref idref="fl-f"/>
      </object_component>
      <object_component id="oc-15a">
         <name>.text</name>
         <load_address>0x1334c</load_address>
         <run_address>0x1334c</run_address>
         <size>0x40</size>
         <input_file_ref idref="fl-95"/>
      </object_component>
      <object_component id="oc-18b">
         <name>.text</name>
         <load_address>0x1338c</load_address>
         <run_address>0x1338c</run_address>
         <size>0x40</size>
         <input_file_ref idref="fl-8b"/>
      </object_component>
      <object_component id="oc-12c">
         <name>.text.DAC5_Init</name>
         <load_address>0x133cc</load_address>
         <run_address>0x133cc</run_address>
         <size>0x3c</size>
         <input_file_ref idref="fl-3"/>
      </object_component>
      <object_component id="oc-13e">
         <name>.text:__TI_auto_init_nobinit_nopinit</name>
         <load_address>0x13408</load_address>
         <run_address>0x13408</run_address>
         <size>0x3c</size>
         <input_file_ref idref="fl-3a"/>
      </object_component>
      <object_component id="oc-1f4">
         <name>.text</name>
         <load_address>0x13444</load_address>
         <run_address>0x13444</run_address>
         <size>0x3a</size>
         <input_file_ref idref="fl-87"/>
      </object_component>
      <object_component id="oc-1ad">
         <name>.text.ActivatePortA_B</name>
         <load_address>0x13480</load_address>
         <run_address>0x13480</run_address>
         <size>0x38</size>
         <input_file_ref idref="fl-8"/>
      </object_component>
      <object_component id="oc-151">
         <name>.text.SPI_OutData</name>
         <load_address>0x134b8</load_address>
         <run_address>0x134b8</run_address>
         <size>0x38</size>
         <input_file_ref idref="fl-9"/>
      </object_component>
      <object_component id="oc-220">
         <name>.text.finddevice</name>
         <load_address>0x134f0</load_address>
         <run_address>0x134f0</run_address>
         <size>0x38</size>
         <input_file_ref idref="fl-99"/>
      </object_component>
      <object_component id="oc-174">
         <name>.text.RandomRange</name>
         <load_address>0x13528</load_address>
         <run_address>0x13528</run_address>
         <size>0x36</size>
         <input_file_ref idref="fl-7"/>
      </object_component>
      <object_component id="oc-25a">
         <name>.text.Clock_Delay1ms</name>
         <load_address>0x13560</load_address>
         <run_address>0x13560</run_address>
         <size>0x34</size>
         <input_file_ref idref="fl-2"/>
      </object_component>
      <object_component id="oc-b6">
         <name>.text.ST7735_SetCursor</name>
         <load_address>0x13594</load_address>
         <run_address>0x13594</run_address>
         <size>0x34</size>
         <input_file_ref idref="fl-a"/>
      </object_component>
      <object_component id="oc-1cb">
         <name>.text.ST7735_write</name>
         <load_address>0x135c8</load_address>
         <run_address>0x135c8</run_address>
         <size>0x34</size>
         <input_file_ref idref="fl-a"/>
      </object_component>
      <object_component id="oc-23a">
         <name>.text.__TI_cleanup</name>
         <load_address>0x135fc</load_address>
         <run_address>0x135fc</run_address>
         <size>0x34</size>
         <input_file_ref idref="fl-2c"/>
      </object_component>
      <object_component id="oc-2a1">
         <name>.text.__TI_readmsg</name>
         <load_address>0x13630</load_address>
         <run_address>0x13630</run_address>
         <size>0x34</size>
         <input_file_ref idref="fl-83"/>
      </object_component>
      <object_component id="oc-29b">
         <name>.text.__TI_writemsg</name>
         <load_address>0x13664</load_address>
         <run_address>0x13664</run_address>
         <size>0x34</size>
         <input_file_ref idref="fl-83"/>
      </object_component>
      <object_component id="oc-13c">
         <name>.text.exit</name>
         <load_address>0x13698</load_address>
         <run_address>0x13698</run_address>
         <size>0x34</size>
         <input_file_ref idref="fl-2e"/>
      </object_component>
      <object_component id="oc-1c3">
         <name>.text.freopen</name>
         <load_address>0x136cc</load_address>
         <run_address>0x136cc</run_address>
         <size>0x34</size>
         <input_file_ref idref="fl-2c"/>
      </object_component>
      <object_component id="oc-e6">
         <name>.text.TakeDamage</name>
         <load_address>0x13700</load_address>
         <run_address>0x13700</run_address>
         <size>0x30</size>
         <input_file_ref idref="fl-7"/>
      </object_component>
      <object_component id="oc-219">
         <name>.text.commonInit</name>
         <load_address>0x13730</load_address>
         <run_address>0x13730</run_address>
         <size>0x30</size>
         <input_file_ref idref="fl-a"/>
      </object_component>
      <object_component id="oc-71">
         <name>.text.healPlayer</name>
         <load_address>0x13760</load_address>
         <run_address>0x13760</run_address>
         <size>0x30</size>
         <input_file_ref idref="fl-7"/>
      </object_component>
      <object_component id="oc-bf">
         <name>.text.ST7735_FillScreen</name>
         <load_address>0x13790</load_address>
         <run_address>0x13790</run_address>
         <size>0x2c</size>
         <input_file_ref idref="fl-a"/>
      </object_component>
      <object_component id="oc-38">
         <name>.text.UART2_IRQHandler</name>
         <load_address>0x137bc</load_address>
         <run_address>0x137bc</run_address>
         <size>0x2c</size>
         <input_file_ref idref="fl-12"/>
      </object_component>
      <object_component id="oc-7d">
         <name>.text.WaveTableTimerHandler</name>
         <load_address>0x137e8</load_address>
         <run_address>0x137e8</run_address>
         <size>0x2c</size>
         <input_file_ref idref="fl-c"/>
      </object_component>
      <object_component id="oc-2c8">
         <name>.text.unlink</name>
         <load_address>0x13814</load_address>
         <run_address>0x13814</run_address>
         <size>0x2c</size>
         <input_file_ref idref="fl-7b"/>
      </object_component>
      <object_component id="oc-176">
         <name>.text</name>
         <load_address>0x13840</load_address>
         <run_address>0x13840</run_address>
         <size>0x2c</size>
         <input_file_ref idref="fl-8d"/>
      </object_component>
      <object_component id="oc-70">
         <name>.text.isButtonPressed</name>
         <load_address>0x1386c</load_address>
         <run_address>0x1386c</run_address>
         <size>0x2a</size>
         <input_file_ref idref="fl-7"/>
      </object_component>
      <object_component id="oc-1d7">
         <name>.text.ADC_Start</name>
         <load_address>0x13898</load_address>
         <run_address>0x13898</run_address>
         <size>0x28</size>
         <input_file_ref idref="fl-f"/>
      </object_component>
      <object_component id="oc-186">
         <name>.text.cos_approx</name>
         <load_address>0x138c0</load_address>
         <run_address>0x138c0</run_address>
         <size>0x28</size>
         <input_file_ref idref="fl-7"/>
      </object_component>
      <object_component id="oc-294">
         <name>.text.free_list_insert</name>
         <load_address>0x138e8</load_address>
         <run_address>0x138e8</run_address>
         <size>0x28</size>
         <input_file_ref idref="fl-31"/>
      </object_component>
      <object_component id="oc-2bf">
         <name>.text.write</name>
         <load_address>0x13910</load_address>
         <run_address>0x13910</run_address>
         <size>0x28</size>
         <input_file_ref idref="fl-75"/>
      </object_component>
      <object_component id="oc-5f">
         <name>.text:_c_int00_noargs</name>
         <load_address>0x13938</load_address>
         <run_address>0x13938</run_address>
         <size>0x28</size>
         <input_file_ref idref="fl-35"/>
      </object_component>
      <object_component id="oc-ae">
         <name>.text</name>
         <load_address>0x13960</load_address>
         <run_address>0x13960</run_address>
         <size>0x28</size>
         <input_file_ref idref="fl-8e"/>
      </object_component>
      <object_component id="oc-b8">
         <name>.text.ST7735_OutString</name>
         <load_address>0x13988</load_address>
         <run_address>0x13988</run_address>
         <size>0x26</size>
         <input_file_ref idref="fl-a"/>
      </object_component>
      <object_component id="oc-19b">
         <name>.text.SetUpWaveTableTimer</name>
         <load_address>0x139b0</load_address>
         <run_address>0x139b0</run_address>
         <size>0x24</size>
         <input_file_ref idref="fl-c"/>
      </object_component>
      <object_component id="oc-ac">
         <name>.text.StringLength</name>
         <load_address>0x139d4</load_address>
         <run_address>0x139d4</run_address>
         <size>0x24</size>
         <input_file_ref idref="fl-7"/>
      </object_component>
      <object_component id="oc-105">
         <name>.text.StartNote</name>
         <load_address>0x139f8</load_address>
         <run_address>0x139f8</run_address>
         <size>0x22</size>
         <input_file_ref idref="fl-c"/>
      </object_component>
      <object_component id="oc-f2">
         <name>.text.DAC5_Out</name>
         <load_address>0x13a1c</load_address>
         <run_address>0x13a1c</run_address>
         <size>0x20</size>
         <input_file_ref idref="fl-3"/>
      </object_component>
      <object_component id="oc-24c">
         <name>.text.Random32</name>
         <load_address>0x13a3c</load_address>
         <run_address>0x13a3c</run_address>
         <size>0x20</size>
         <input_file_ref idref="fl-7"/>
      </object_component>
      <object_component id="oc-19c">
         <name>.text.SetUpNoteDurationTimer</name>
         <load_address>0x13a5c</load_address>
         <run_address>0x13a5c</run_address>
         <size>0x20</size>
         <input_file_ref idref="fl-c"/>
      </object_component>
      <object_component id="oc-126">
         <name>.text.Switch_Init</name>
         <load_address>0x13a7c</load_address>
         <run_address>0x13a7c</run_address>
         <size>0x20</size>
         <input_file_ref idref="fl-e"/>
      </object_component>
      <object_component id="oc-20e">
         <name>.text.abs</name>
         <load_address>0x13a9c</load_address>
         <run_address>0x13a9c</run_address>
         <size>0x20</size>
         <input_file_ref idref="fl-7"/>
      </object_component>
      <object_component id="oc-296">
         <name>.text.pushColor</name>
         <load_address>0x13abc</load_address>
         <run_address>0x13abc</run_address>
         <size>0x1e</size>
         <input_file_ref idref="fl-a"/>
      </object_component>
      <object_component id="oc-d8">
         <name>.text.StartGame</name>
         <load_address>0x13adc</load_address>
         <run_address>0x13adc</run_address>
         <size>0x1c</size>
         <input_file_ref idref="fl-7"/>
      </object_component>
      <object_component id="oc-293">
         <name>.text.free_list_remove</name>
         <load_address>0x13af8</load_address>
         <run_address>0x13af8</run_address>
         <size>0x1c</size>
         <input_file_ref idref="fl-31"/>
      </object_component>
      <object_component id="oc-94">
         <name>.text</name>
         <load_address>0x13b14</load_address>
         <run_address>0x13b14</run_address>
         <size>0x1c</size>
         <input_file_ref idref="fl-94"/>
      </object_component>
      <object_component id="oc-ad">
         <name>.text.GetCurrentTime</name>
         <load_address>0x13b30</load_address>
         <run_address>0x13b30</run_address>
         <size>0x18</size>
         <input_file_ref idref="fl-7"/>
      </object_component>
      <object_component id="oc-1f2">
         <name>.text.Random</name>
         <load_address>0x13b48</load_address>
         <run_address>0x13b48</run_address>
         <size>0x18</size>
         <input_file_ref idref="fl-7"/>
      </object_component>
      <object_component id="oc-43">
         <name>.text.TIMG12_IRQHandler</name>
         <load_address>0x13b60</load_address>
         <run_address>0x13b60</run_address>
         <size>0x18</size>
         <input_file_ref idref="fl-c"/>
      </object_component>
      <object_component id="oc-33">
         <name>.text.TIMG8_IRQHandler</name>
         <load_address>0x13b78</load_address>
         <run_address>0x13b78</run_address>
         <size>0x18</size>
         <input_file_ref idref="fl-c"/>
      </object_component>
      <object_component id="oc-1ce">
         <name>.text.ST7735_open</name>
         <load_address>0x13b90</load_address>
         <run_address>0x13b90</run_address>
         <size>0x16</size>
         <input_file_ref idref="fl-a"/>
      </object_component>
      <object_component id="oc-1cc">
         <name>.text.ST7735_read</name>
         <load_address>0x13ba6</load_address>
         <run_address>0x13ba6</run_address>
         <size>0x16</size>
         <input_file_ref idref="fl-a"/>
      </object_component>
      <object_component id="oc-1b3">
         <name>.text.Fifo1_Init</name>
         <load_address>0x13bbc</load_address>
         <run_address>0x13bbc</run_address>
         <size>0x14</size>
         <input_file_ref idref="fl-4"/>
      </object_component>
      <object_component id="oc-b7">
         <name>.text.ST7735_SetTextColor</name>
         <load_address>0x13bd0</load_address>
         <run_address>0x13bd0</run_address>
         <size>0x14</size>
         <input_file_ref idref="fl-a"/>
      </object_component>
      <object_component id="oc-10a">
         <name>.text:TI_memcpy_small</name>
         <load_address>0x13be4</load_address>
         <run_address>0x13be4</run_address>
         <size>0x12</size>
         <input_file_ref idref="fl-9a"/>
      </object_component>
      <object_component id="oc-20">
         <name>.text:decompress:none</name>
         <load_address>0x13bf6</load_address>
         <run_address>0x13bf6</run_address>
         <size>0x12</size>
         <input_file_ref idref="fl-33"/>
      </object_component>
      <object_component id="oc-19a">
         <name>.text.CalculateWaveTableStepRate</name>
         <load_address>0x13c08</load_address>
         <run_address>0x13c08</run_address>
         <size>0x10</size>
         <input_file_ref idref="fl-c"/>
      </object_component>
      <object_component id="oc-1b0">
         <name>.text.Clock_Delay</name>
         <load_address>0x13c18</load_address>
         <run_address>0x13c18</run_address>
         <size>0x10</size>
         <input_file_ref idref="fl-2"/>
      </object_component>
      <object_component id="oc-136">
         <name>.text.TExaS_LaunchPadLogicPB27PB26</name>
         <load_address>0x13c28</load_address>
         <run_address>0x13c28</run_address>
         <size>0x10</size>
         <input_file_ref idref="fl-7"/>
      </object_component>
      <object_component id="oc-5c">
         <name>.text:decompress:ZI</name>
         <load_address>0x13c38</load_address>
         <run_address>0x13c38</run_address>
         <size>0x10</size>
         <input_file_ref idref="fl-32"/>
      </object_component>
      <object_component id="oc-1ca">
         <name>.text.ST7735_lseek</name>
         <load_address>0x13c48</load_address>
         <run_address>0x13c48</run_address>
         <size>0xe</size>
         <input_file_ref idref="fl-a"/>
      </object_component>
      <object_component id="oc-2b5">
         <name>.text.strcpy</name>
         <load_address>0x13c56</load_address>
         <run_address>0x13c56</run_address>
         <size>0xe</size>
         <input_file_ref idref="fl-80"/>
      </object_component>
      <object_component id="oc-2b6">
         <name>.text.strlen</name>
         <load_address>0x13c64</load_address>
         <run_address>0x13c64</run_address>
         <size>0xe</size>
         <input_file_ref idref="fl-80"/>
      </object_component>
      <object_component id="oc-1a2">
         <name>.text:TI_memset_small</name>
         <load_address>0x13c72</load_address>
         <run_address>0x13c72</run_address>
         <size>0xe</size>
         <input_file_ref idref="fl-9b"/>
      </object_component>
      <object_component id="oc-1d9">
         <name>.text.Clock_Freq</name>
         <load_address>0x13c80</load_address>
         <run_address>0x13c80</run_address>
         <size>0xc</size>
         <input_file_ref idref="fl-2"/>
      </object_component>
      <object_component id="oc-1c8">
         <name>.text.ST7735_rename</name>
         <load_address>0x13c8c</load_address>
         <run_address>0x13c8c</run_address>
         <size>0xc</size>
         <input_file_ref idref="fl-a"/>
      </object_component>
      <object_component id="oc-239">
         <name>.text.malloc</name>
         <load_address>0x13c98</load_address>
         <run_address>0x13c98</run_address>
         <size>0xc</size>
         <input_file_ref idref="fl-31"/>
      </object_component>
      <object_component id="oc-114">
         <name>.text.PLL_Init</name>
         <load_address>0x13ca4</load_address>
         <run_address>0x13ca4</run_address>
         <size>0xa</size>
         <input_file_ref idref="fl-7"/>
      </object_component>
      <object_component id="oc-1cf">
         <name>.text.ST7735_close</name>
         <load_address>0x13cae</load_address>
         <run_address>0x13cae</run_address>
         <size>0xa</size>
         <input_file_ref idref="fl-a"/>
      </object_component>
      <object_component id="oc-1c9">
         <name>.text.ST7735_unlink</name>
         <load_address>0x13cb8</load_address>
         <run_address>0x13cb8</run_address>
         <size>0xa</size>
         <input_file_ref idref="fl-a"/>
      </object_component>
      <object_component id="oc-28c">
         <name>.text.remove</name>
         <load_address>0x13cc2</load_address>
         <run_address>0x13cc2</run_address>
         <size>0x8</size>
         <input_file_ref idref="fl-77"/>
      </object_component>
      <object_component id="oc-4f">
         <name>.text</name>
         <load_address>0x13ccc</load_address>
         <run_address>0x13ccc</run_address>
         <size>0x8</size>
         <input_file_ref idref="fl-93"/>
      </object_component>
      <object_component id="oc-2d">
         <name>.text.HardFault_Handler</name>
         <load_address>0x13cd4</load_address>
         <run_address>0x13cd4</run_address>
         <size>0x4</size>
         <input_file_ref idref="fl-14"/>
      </object_component>
      <object_component id="oc-28">
         <name>.text.Reset_Handler</name>
         <load_address>0x13cd8</load_address>
         <run_address>0x13cd8</run_address>
         <size>0x4</size>
         <input_file_ref idref="fl-14"/>
      </object_component>
      <object_component id="oc-98">
         <name>.text._system_pre_init</name>
         <load_address>0x13cdc</load_address>
         <run_address>0x13cdc</run_address>
         <size>0x4</size>
         <input_file_ref idref="fl-3b"/>
      </object_component>
      <object_component id="oc-137">
         <name>.text:abort</name>
         <load_address>0x13ce0</load_address>
         <run_address>0x13ce0</run_address>
         <size>0x4</size>
         <input_file_ref idref="fl-2e"/>
      </object_component>
      <object_component id="oc-316">
         <name>.cinit..data.load</name>
         <load_address>0x13cf0</load_address>
         <run_address>0x13cf0</run_address>
         <size>0xe8</size>
      </object_component>
      <object_component id="oc-314">
         <name>__TI_handler_table</name>
         <load_address>0x13dd8</load_address>
         <run_address>0x13dd8</run_address>
         <size>0xc</size>
      </object_component>
      <object_component id="oc-317">
         <name>.cinit..bss.load</name>
         <load_address>0x13de4</load_address>
         <run_address>0x13de4</run_address>
         <size>0x8</size>
      </object_component>
      <object_component id="oc-315">
         <name>__TI_cinit_table</name>
         <load_address>0x13dec</load_address>
         <run_address>0x13dec</run_address>
         <size>0x10</size>
      </object_component>
      <object_component id="oc-c1">
         <name>.rodata.playerArea</name>
         <load_address>0xc0</load_address>
         <run_address>0xc0</run_address>
         <size>0x4524</size>
         <input_file_ref idref="fl-7"/>
      </object_component>
      <object_component id="oc-170">
         <name>.rodata.gameOver</name>
         <load_address>0x45e4</load_address>
         <run_address>0x45e4</run_address>
         <size>0x3c00</size>
         <input_file_ref idref="fl-7"/>
      </object_component>
      <object_component id="oc-171">
         <name>.rodata.gameWon</name>
         <load_address>0x81e4</load_address>
         <run_address>0x81e4</run_address>
         <size>0x3c00</size>
         <input_file_ref idref="fl-7"/>
      </object_component>
      <object_component id="oc-ca">
         <name>.rodata.text</name>
         <load_address>0xbde4</load_address>
         <run_address>0xbde4</run_address>
         <size>0x10bc</size>
         <input_file_ref idref="fl-7"/>
      </object_component>
      <object_component id="oc-19e">
         <name>.rodata.megalovania</name>
         <load_address>0xcea0</load_address>
         <run_address>0xcea0</run_address>
         <size>0xb58</size>
         <input_file_ref idref="fl-c"/>
      </object_component>
      <object_component id="oc-c9">
         <name>.rodata.valvanoSans1</name>
         <load_address>0xd9f8</load_address>
         <run_address>0xd9f8</run_address>
         <size>0x6a4</size>
         <input_file_ref idref="fl-7"/>
      </object_component>
      <object_component id="oc-24b">
         <name>.rodata.Font</name>
         <load_address>0xe09c</load_address>
         <run_address>0xe09c</run_address>
         <size>0x4fb</size>
         <input_file_ref idref="fl-a"/>
      </object_component>
      <object_component id="oc-ed">
         <name>.rodata.valvanoHead</name>
         <load_address>0xe598</load_address>
         <run_address>0xe598</run_address>
         <size>0x39c</size>
         <input_file_ref idref="fl-7"/>
      </object_component>
      <object_component id="oc-19d">
         <name>.rodata.megalovaniaStart</name>
         <load_address>0xe934</load_address>
         <run_address>0xe934</run_address>
         <size>0x280</size>
         <input_file_ref idref="fl-c"/>
      </object_component>
      <object_component id="oc-16b">
         <name>.rodata.str1.1</name>
         <load_address>0xebb4</load_address>
         <run_address>0xebb4</run_address>
         <size>0x215</size>
         <input_file_ref idref="fl-7"/>
      </object_component>
      <object_component id="oc-c4">
         <name>.rodata.player</name>
         <load_address>0xedca</load_address>
         <run_address>0xedca</run_address>
         <size>0x1e0</size>
         <input_file_ref idref="fl-7"/>
      </object_component>
      <object_component id="oc-eb">
         <name>.rodata.playerBlack</name>
         <load_address>0xefaa</load_address>
         <run_address>0xefaa</run_address>
         <size>0x1e0</size>
         <input_file_ref idref="fl-7"/>
      </object_component>
      <object_component id="oc-21b">
         <name>.rodata.Rcmd1</name>
         <load_address>0xf18a</load_address>
         <run_address>0xf18a</run_address>
         <size>0x3b</size>
         <input_file_ref idref="fl-a"/>
      </object_component>
      <object_component id="oc-1cd">
         <name>.rodata.str1.1</name>
         <load_address>0xf1c5</load_address>
         <run_address>0xf1c5</run_address>
         <size>0x2e</size>
         <input_file_ref idref="fl-a"/>
      </object_component>
      <object_component id="oc-21e">
         <name>.rodata.Rcmd3</name>
         <load_address>0xf1f3</load_address>
         <run_address>0xf1f3</run_address>
         <size>0x2b</size>
         <input_file_ref idref="fl-a"/>
      </object_component>
      <object_component id="oc-e4">
         <name>.rodata.bulletBlack</name>
         <load_address>0xf21e</load_address>
         <run_address>0xf21e</run_address>
         <size>0x28</size>
         <input_file_ref idref="fl-7"/>
      </object_component>
      <object_component id="oc-ee">
         <name>.rodata.bulletSprite</name>
         <load_address>0xf246</load_address>
         <run_address>0xf246</run_address>
         <size>0x28</size>
         <input_file_ref idref="fl-7"/>
      </object_component>
      <object_component id="oc-108">
         <name>.rodata.songs</name>
         <load_address>0xf270</load_address>
         <run_address>0xf270</run_address>
         <size>0x20</size>
         <input_file_ref idref="fl-c"/>
      </object_component>
      <object_component id="oc-f8">
         <name>.rodata.wave</name>
         <load_address>0xf290</load_address>
         <run_address>0xf290</run_address>
         <size>0x20</size>
         <input_file_ref idref="fl-c"/>
      </object_component>
      <object_component id="oc-d4">
         <name>.rodata.heart</name>
         <load_address>0xf2b0</load_address>
         <run_address>0xf2b0</run_address>
         <size>0x12</size>
         <input_file_ref idref="fl-7"/>
      </object_component>
      <object_component id="oc-21d">
         <name>.rodata.Rcmd2green</name>
         <load_address>0xf2c2</load_address>
         <run_address>0xf2c2</run_address>
         <size>0xd</size>
         <input_file_ref idref="fl-a"/>
      </object_component>
      <object_component id="oc-21c">
         <name>.rodata.Rcmd2red</name>
         <load_address>0xf2cf</load_address>
         <run_address>0xf2cf</run_address>
         <size>0xd</size>
         <input_file_ref idref="fl-a"/>
      </object_component>
      <object_component id="oc-1a0">
         <name>.rodata.sansTalk</name>
         <load_address>0xf2dc</load_address>
         <run_address>0xf2dc</run_address>
         <size>0x8</size>
         <input_file_ref idref="fl-c"/>
      </object_component>
      <object_component id="oc-19f">
         <name>.rodata.silenceSong</name>
         <load_address>0xf2e4</load_address>
         <run_address>0xf2e4</run_address>
         <size>0x8</size>
         <input_file_ref idref="fl-c"/>
      </object_component>
      <object_component id="oc-2e1">
         <name>.binit</name>
         <load_address>0x0</load_address>
         <run_address>0x0</run_address>
         <size>0x0</size>
      </object_component>
      <object_component id="oc-212">
         <name>.data.BusFreq</name>
         <load_address>0x20200eec</load_address>
         <run_address>0x20200eec</run_address>
         <size>0x4</size>
         <input_file_ref idref="fl-2"/>
      </object_component>
      <object_component id="oc-7a">
         <name>.data.currentLanguage</name>
         <load_address>0x20200f97</load_address>
         <run_address>0x20200f97</run_address>
         <size>0x1</size>
         <input_file_ref idref="fl-7"/>
      </object_component>
      <object_component id="oc-78">
         <name>.data.currentGameState</name>
         <load_address>0x20200f96</load_address>
         <run_address>0x20200f96</run_address>
         <size>0x1</size>
         <input_file_ref idref="fl-7"/>
      </object_component>
      <object_component id="oc-e9">
         <name>.data.playerHealth</name>
         <load_address>0x20200f6c</load_address>
         <run_address>0x20200f6c</run_address>
         <size>0x4</size>
         <input_file_ref idref="fl-7"/>
      </object_component>
      <object_component id="oc-89">
         <name>.data.numAttacks</name>
         <load_address>0x20200f60</load_address>
         <run_address>0x20200f60</run_address>
         <size>0x4</size>
         <input_file_ref idref="fl-7"/>
      </object_component>
      <object_component id="oc-c2">
         <name>.data.spriteX</name>
         <load_address>0x20200f88</load_address>
         <run_address>0x20200f88</run_address>
         <size>0x4</size>
         <input_file_ref idref="fl-7"/>
      </object_component>
      <object_component id="oc-c3">
         <name>.data.spriteY</name>
         <load_address>0x20200f8c</load_address>
         <run_address>0x20200f8c</run_address>
         <size>0x4</size>
         <input_file_ref idref="fl-7"/>
      </object_component>
      <object_component id="oc-16e">
         <name>.data.spriteWidth</name>
         <load_address>0x20200f84</load_address>
         <run_address>0x20200f84</run_address>
         <size>0x4</size>
         <input_file_ref idref="fl-7"/>
      </object_component>
      <object_component id="oc-16f">
         <name>.data.spriteHeight</name>
         <load_address>0x20200f80</load_address>
         <run_address>0x20200f80</run_address>
         <size>0x4</size>
         <input_file_ref idref="fl-7"/>
      </object_component>
      <object_component id="oc-e0">
         <name>.data.prevSpriteX</name>
         <load_address>0x20200f74</load_address>
         <run_address>0x20200f74</run_address>
         <size>0x4</size>
         <input_file_ref idref="fl-7"/>
      </object_component>
      <object_component id="oc-e1">
         <name>.data.prevSpriteY</name>
         <load_address>0x20200f78</load_address>
         <run_address>0x20200f78</run_address>
         <size>0x4</size>
         <input_file_ref idref="fl-7"/>
      </object_component>
      <object_component id="oc-c5">
         <name>.data.bossX</name>
         <load_address>0x20200f2c</load_address>
         <run_address>0x20200f2c</run_address>
         <size>0x4</size>
         <input_file_ref idref="fl-7"/>
      </object_component>
      <object_component id="oc-c6">
         <name>.data.bossY</name>
         <load_address>0x20200f30</load_address>
         <run_address>0x20200f30</run_address>
         <size>0x4</size>
         <input_file_ref idref="fl-7"/>
      </object_component>
      <object_component id="oc-c7">
         <name>.data.bossWidth</name>
         <load_address>0x20200f28</load_address>
         <run_address>0x20200f28</run_address>
         <size>0x4</size>
         <input_file_ref idref="fl-7"/>
      </object_component>
      <object_component id="oc-c8">
         <name>.data.bossHeight</name>
         <load_address>0x20200f24</load_address>
         <run_address>0x20200f24</run_address>
         <size>0x4</size>
         <input_file_ref idref="fl-7"/>
      </object_component>
      <object_component id="oc-e8">
         <name>.data.healthFlag</name>
         <load_address>0x20200f4c</load_address>
         <run_address>0x20200f4c</run_address>
         <size>0x4</size>
         <input_file_ref idref="fl-7"/>
      </object_component>
      <object_component id="oc-ec">
         <name>.data.bossFlag</name>
         <load_address>0x20200f20</load_address>
         <run_address>0x20200f20</run_address>
         <size>0x4</size>
         <input_file_ref idref="fl-7"/>
      </object_component>
      <object_component id="oc-ea">
         <name>.data.playerAreaFlag</name>
         <load_address>0x20200f68</load_address>
         <run_address>0x20200f68</run_address>
         <size>0x4</size>
         <input_file_ref idref="fl-7"/>
      </object_component>
      <object_component id="oc-f1">
         <name>.data.occassionalFlag</name>
         <load_address>0x20200f64</load_address>
         <run_address>0x20200f64</run_address>
         <size>0x4</size>
         <input_file_ref idref="fl-7"/>
      </object_component>
      <object_component id="oc-79">
         <name>.data.potionFlag</name>
         <load_address>0x20200f70</load_address>
         <run_address>0x20200f70</run_address>
         <size>0x4</size>
         <input_file_ref idref="fl-7"/>
      </object_component>
      <object_component id="oc-8a">
         <name>.data.doneFlag</name>
         <load_address>0x20200f99</load_address>
         <run_address>0x20200f99</run_address>
         <size>0x1</size>
         <input_file_ref idref="fl-7"/>
      </object_component>
[...]
         <value>0x125ad</value>
         <object_component_ref idref="oc-2c"/>
      </symbol>
      <symbol id="sm-2cc">
         <name>fopen</name>
         <value>0x1232d</value>
         <object_component_ref idref="oc-1bd"/>
      </symbol>
      <symbol id="sm-2cd">
         <name>__TI_cleanup</name>
         <value>0x135fd</value>
         <object_component_ref idref="oc-23a"/>
      </symbol>
      <symbol id="sm-2ce">
         <name>freopen</name>
         <value>0x136cd</value>
         <object_component_ref idref="oc-1c3"/>
      </symbol>
      <symbol id="sm-2d8">
         <name>setvbuf</name>
         <value>0x10e41</value>
         <object_component_ref idref="oc-1c4"/>
      </symbol>
      <symbol id="sm-2e6">
         <name>abort</name>
         <value>0x13ce1</value>
         <object_component_ref idref="oc-137"/>
      </symbol>
      <symbol id="sm-2e7">
         <name>C$$EXIT</name>
         <value>0x13ce0</value>
         <object_component_ref idref="oc-137"/>
      </symbol>
      <symbol id="sm-2e8">
         <name>__TI_cleanup_ptr</name>
         <value>0x20200ee4</value>
         <object_component_ref idref="oc-1e1"/>
      </symbol>
      <symbol id="sm-2e9">
         <name>__TI_dtors_ptr</name>
         <value>0x20200ee8</value>
         <object_component_ref idref="oc-1e1"/>
      </symbol>
      <symbol id="sm-2ea">
         <name>exit</name>
         <value>0x13699</value>
         <object_component_ref idref="oc-13c"/>
      </symbol>
      <symbol id="sm-2f3">
         <name>_nop</name>
         <value>0x11f77</value>
         <object_component_ref idref="oc-241"/>
      </symbol>
      <symbol id="sm-2f4">
         <name>_lock</name>
         <value>0x20200f14</value>
         <object_component_ref idref="oc-1df"/>
      </symbol>
      <symbol id="sm-2f5">
         <name>_unlock</name>
         <value>0x20200f18</value>
         <object_component_ref idref="oc-1e2"/>
      </symbol>
      <symbol id="sm-2fa">
         <name>_ftable</name>
         <value>0x20200cd4</value>
         <object_component_ref idref="oc-1d0"/>
      </symbol>
      <symbol id="sm-2fb">
         <name>__TI_ft_end</name>
         <value>0x20200f10</value>
         <object_component_ref idref="oc-22e"/>
      </symbol>
      <symbol id="sm-2fc">
         <name>__TI_tmpnams</name>
         <value>0x20200c10</value>
      </symbol>
      <symbol id="sm-31c">
         <name>malloc</name>
         <value>0x13c99</value>
         <object_component_ref idref="oc-239"/>
      </symbol>
      <symbol id="sm-31d">
         <name>aligned_alloc</name>
         <value>0xff4d</value>
         <object_component_ref idref="oc-295"/>
      </symbol>
      <symbol id="sm-31e">
         <name>free</name>
         <value>0x104f9</value>
         <object_component_ref idref="oc-237"/>
      </symbol>
      <symbol id="sm-31f">
         <name>_sys_memory</name>
         <value>0x20200fa8</value>
         <object_component_ref idref="oc-26"/>
      </symbol>
      <symbol id="sm-320">
         <name>memalign</name>
         <value>0xff4d</value>
         <object_component_ref idref="oc-295"/>
      </symbol>
      <symbol id="sm-32a">
         <name>__TI_zero_init</name>
         <value>0x13c39</value>
         <object_component_ref idref="oc-5c"/>
      </symbol>
      <symbol id="sm-333">
         <name>__TI_decompress_none</name>
         <value>0x13bf7</value>
         <object_component_ref idref="oc-20"/>
      </symbol>
      <symbol id="sm-33e">
         <name>__TI_decompress_lzss</name>
         <value>0x12985</value>
         <object_component_ref idref="oc-1c"/>
      </symbol>
      <symbol id="sm-349">
         <name>_c_int00_noargs</name>
         <value>0x13939</value>
         <object_component_ref idref="oc-5f"/>
      </symbol>
      <symbol id="sm-34a">
         <name>__stack</name>
         <value>0x20207e00</value>
         <object_component_ref idref="oc-1a"/>
      </symbol>
      <symbol id="sm-356">
         <name>__TI_closefile</name>
         <value>0x12531</value>
         <object_component_ref idref="oc-231"/>
      </symbol>
      <symbol id="sm-360">
         <name>__TI_doflush</name>
         <value>0x12f11</value>
         <object_component_ref idref="oc-282"/>
      </symbol>
      <symbol id="sm-36c">
         <name>__TI_auto_init_nobinit_nopinit</name>
         <value>0x13409</value>
         <object_component_ref idref="oc-13e"/>
      </symbol>
      <symbol id="sm-374">
         <name>_system_pre_init</name>
         <value>0x13cdd</value>
         <object_component_ref idref="oc-98"/>
      </symbol>
      <symbol id="sm-37f">
         <name>write</name>
         <value>0x13911</value>
         <object_component_ref idref="oc-2bf"/>
      </symbol>
      <symbol id="sm-384">
         <name>_device</name>
         <value>0x20200dc4</value>
         <object_component_ref idref="oc-227"/>
      </symbol>
      <symbol id="sm-385">
         <name>_stream</name>
         <value>0x20200e3c</value>
         <object_component_ref idref="oc-2bb"/>
      </symbol>
      <symbol id="sm-38e">
         <name>remove</name>
         <value>0x13cc3</value>
         <object_component_ref idref="oc-28c"/>
      </symbol>
      <symbol id="sm-39a">
         <name>open</name>
         <value>0x118c5</value>
         <object_component_ref idref="oc-27e"/>
      </symbol>
      <symbol id="sm-3a4">
         <name>close</name>
         <value>0x12f61</value>
         <object_component_ref idref="oc-288"/>
      </symbol>
      <symbol id="sm-3b0">
         <name>add_device</name>
         <value>0x10b95</value>
         <object_component_ref idref="oc-1b9"/>
      </symbol>
      <symbol id="sm-3ba">
         <name>unlink</name>
         <value>0x13815</value>
         <object_component_ref idref="oc-2c8"/>
      </symbol>
      <symbol id="sm-3c4">
         <name>HOSTclose</name>
         <value>0x130dd</value>
         <object_component_ref idref="oc-261"/>
      </symbol>
      <symbol id="sm-3ce">
         <name>HOSTlseek</name>
         <value>0x1284d</value>
         <object_component_ref idref="oc-26d"/>
      </symbol>
      <symbol id="sm-3d8">
         <name>HOSTopen</name>
         <value>0x12cad</value>
         <object_component_ref idref="oc-25d"/>
      </symbol>
      <symbol id="sm-3d9">
         <name>parmbuf</name>
         <value>0x20200cb0</value>
      </symbol>
      <symbol id="sm-3e3">
         <name>HOSTread</name>
         <value>0x12d09</value>
         <object_component_ref idref="oc-265"/>
      </symbol>
      <symbol id="sm-3f4">
         <name>HOSTrename</name>
         <value>0x128b5</value>
         <object_component_ref idref="oc-275"/>
      </symbol>
      <symbol id="sm-3fe">
         <name>HOSTunlink</name>
         <value>0x13125</value>
         <object_component_ref idref="oc-271"/>
      </symbol>
      <symbol id="sm-408">
         <name>HOSTwrite</name>
         <value>0x12d61</value>
         <object_component_ref idref="oc-269"/>
      </symbol>
      <symbol id="sm-416">
         <name>C$$IO$$</name>
         <value>0x1368f</value>
         <object_component_ref idref="oc-29b"/>
      </symbol>
      <symbol id="sm-417">
         <name>__TI_writemsg</name>
         <value>0x13665</value>
         <object_component_ref idref="oc-29b"/>
      </symbol>
      <symbol id="sm-418">
         <name>__CIOBUF_</name>
         <value>0x20200af0</value>
         <object_component_ref idref="oc-2d2"/>
      </symbol>
      <symbol id="sm-419">
         <name>__TI_readmsg</name>
         <value>0x13631</value>
         <object_component_ref idref="oc-2a1"/>
      </symbol>
      <symbol id="sm-41a">
         <name>_CIOBUF_</name>
         <value>0x20200af0</value>
         <object_component_ref idref="oc-2d2"/>
      </symbol>
      <symbol id="sm-420">
         <name>__aeabi_fadd</name>
         <value>0x110db</value>
         <object_component_ref idref="oc-20a"/>
      </symbol>
      <symbol id="sm-421">
         <name>__addsf3</name>
         <value>0x110db</value>
         <object_component_ref idref="oc-20a"/>
      </symbol>
      <symbol id="sm-422">
         <name>__aeabi_fsub</name>
         <value>0x110d1</value>
         <object_component_ref idref="oc-20a"/>
      </symbol>
      <symbol id="sm-423">
         <name>__subsf3</name>
         <value>0x110d1</value>
         <object_component_ref idref="oc-20a"/>
      </symbol>
      <symbol id="sm-429">
         <name>__aeabi_dadd</name>
         <value>0xfb07</value>
         <object_component_ref idref="oc-1fb"/>
      </symbol>
      <symbol id="sm-42a">
         <name>__adddf3</name>
         <value>0xfb07</value>
         <object_component_ref idref="oc-1fb"/>
      </symbol>
      <symbol id="sm-42b">
         <name>__aeabi_dsub</name>
         <value>0xfafd</value>
         <object_component_ref idref="oc-1fb"/>
      </symbol>
      <symbol id="sm-42c">
         <name>__subdf3</name>
         <value>0xfafd</value>
         <object_component_ref idref="oc-1fb"/>
      </symbol>
      <symbol id="sm-432">
         <name>__aeabi_dmul</name>
         <value>0x10c7d</value>
         <object_component_ref idref="oc-17a"/>
      </symbol>
      <symbol id="sm-433">
         <name>__muldf3</name>
         <value>0x10c7d</value>
         <object_component_ref idref="oc-17a"/>
      </symbol>
      <symbol id="sm-439">
         <name>__muldsi3</name>
         <value>0x13445</value>
         <object_component_ref idref="oc-1f4"/>
      </symbol>
      <symbol id="sm-43f">
         <name>__aeabi_fmul</name>
         <value>0x12005</value>
         <object_component_ref idref="oc-187"/>
      </symbol>
      <symbol id="sm-440">
         <name>__mulsf3</name>
         <value>0x12005</value>
         <object_component_ref idref="oc-187"/>
      </symbol>
      <symbol id="sm-446">
         <name>__aeabi_fdiv</name>
         <value>0x123b1</value>
         <object_component_ref idref="oc-206"/>
      </symbol>
      <symbol id="sm-447">
         <name>__divsf3</name>
         <value>0x123b1</value>
         <object_component_ref idref="oc-206"/>
      </symbol>
      <symbol id="sm-44d">
         <name>__aeabi_ddiv</name>
         <value>0x103ed</value>
         <object_component_ref idref="oc-17e"/>
      </symbol>
      <symbol id="sm-44e">
         <name>__divdf3</name>
         <value>0x103ed</value>
         <object_component_ref idref="oc-17e"/>
      </symbol>
      <symbol id="sm-454">
         <name>__aeabi_f2d</name>
         <value>0x1338d</value>
         <object_component_ref idref="oc-18b"/>
      </symbol>
      <symbol id="sm-455">
         <name>__extendsfdf2</name>
         <value>0x1338d</value>
         <object_component_ref idref="oc-18b"/>
      </symbol>
      <symbol id="sm-45b">
         <name>__aeabi_d2iz</name>
         <value>0x13049</value>
         <object_component_ref idref="oc-18f"/>
      </symbol>
      <symbol id="sm-45c">
         <name>__fixdfsi</name>
         <value>0x13049</value>
         <object_component_ref idref="oc-18f"/>
      </symbol>
      <symbol id="sm-462">
         <name>__aeabi_i2d</name>
         <value>0x13841</value>
         <object_component_ref idref="oc-176"/>
      </symbol>
      <symbol id="sm-463">
         <name>__floatsidf</name>
         <value>0x13841</value>
         <object_component_ref idref="oc-176"/>
      </symbol>
      <symbol id="sm-469">
         <name>__aeabi_ui2f</name>
         <value>0x13961</value>
         <object_component_ref idref="oc-ae"/>
      </symbol>
      <symbol id="sm-46a">
         <name>__floatunsisf</name>
         <value>0x13961</value>
         <object_component_ref idref="oc-ae"/>
      </symbol>
      <symbol id="sm-471">
         <name>__aeabi_d2f</name>
         <value>0x125b1</value>
         <object_component_ref idref="oc-182"/>
      </symbol>
      <symbol id="sm-472">
         <name>__truncdfsf2</name>
         <value>0x125b1</value>
         <object_component_ref idref="oc-182"/>
      </symbol>
      <symbol id="sm-478">
         <name>__aeabi_dcmpeq</name>
         <value>0x12be5</value>
         <object_component_ref idref="oc-202"/>
      </symbol>
      <symbol id="sm-479">
         <name>__aeabi_dcmplt</name>
         <value>0x12bf9</value>
         <object_component_ref idref="oc-202"/>
      </symbol>
      <symbol id="sm-47a">
         <name>__aeabi_dcmple</name>
         <value>0x12c0d</value>
         <object_component_ref idref="oc-202"/>
      </symbol>
      <symbol id="sm-47b">
         <name>__aeabi_dcmpge</name>
         <value>0x12c21</value>
         <object_component_ref idref="oc-202"/>
      </symbol>
      <symbol id="sm-47c">
         <name>__aeabi_dcmpgt</name>
         <value>0x12c35</value>
         <object_component_ref idref="oc-202"/>
      </symbol>
      <symbol id="sm-482">
         <name>__aeabi_fcmpeq</name>
         <value>0x12c49</value>
         <object_component_ref idref="oc-b2"/>
      </symbol>
      <symbol id="sm-483">
         <name>__aeabi_fcmplt</name>
         <value>0x12c5d</value>
         <object_component_ref idref="oc-b2"/>
      </symbol>
      <symbol id="sm-484">
         <name>__aeabi_fcmple</name>
         <value>0x12c71</value>
         <object_component_ref idref="oc-b2"/>
      </symbol>
      <symbol id="sm-485">
         <name>__aeabi_fcmpge</name>
         <value>0x12c85</value>
         <object_component_ref idref="oc-b2"/>
      </symbol>
      <symbol id="sm-486">
         <name>__aeabi_fcmpgt</name>
         <value>0x12c99</value>
         <object_component_ref idref="oc-b2"/>
      </symbol>
      <symbol id="sm-48c">
         <name>__aeabi_idiv</name>
         <value>0x12e11</value>
         <object_component_ref idref="oc-83"/>
      </symbol>
      <symbol id="sm-48d">
         <name>__aeabi_idivmod</name>
         <value>0x12e11</value>
         <object_component_ref idref="oc-83"/>
      </symbol>
      <symbol id="sm-493">
         <name>__aeabi_memcpy</name>
         <value>0x13ccd</value>
         <object_component_ref idref="oc-4f"/>
      </symbol>
      <symbol id="sm-494">
         <name>__aeabi_memcpy4</name>
         <value>0x13ccd</value>
         <object_component_ref idref="oc-4f"/>
      </symbol>
      <symbol id="sm-495">
         <name>__aeabi_memcpy8</name>
         <value>0x13ccd</value>
         <object_component_ref idref="oc-4f"/>
      </symbol>
      <symbol id="sm-49b">
         <name>__aeabi_memset</name>
         <value>0x13b15</value>
         <object_component_ref idref="oc-94"/>
      </symbol>
      <symbol id="sm-49c">
         <name>__aeabi_memset4</name>
         <value>0x13b15</value>
         <object_component_ref idref="oc-94"/>
      </symbol>
      <symbol id="sm-49d">
         <name>__aeabi_memset8</name>
         <value>0x13b15</value>
         <object_component_ref idref="oc-94"/>
      </symbol>
      <symbol id="sm-49e">
         <name>__aeabi_memclr</name>
         <value>0x13b25</value>
         <object_component_ref idref="oc-94"/>
      </symbol>
      <symbol id="sm-49f">
         <name>__aeabi_memclr4</name>
         <value>0x13b25</value>
         <object_component_ref idref="oc-94"/>
      </symbol>
      <symbol id="sm-4a0">
         <name>__aeabi_memclr8</name>
         <value>0x13b25</value>
         <object_component_ref idref="oc-94"/>
      </symbol>
      <symbol id="sm-4a6">
         <name>__aeabi_uidiv</name>
         <value>0x1334d</value>
         <object_component_ref idref="oc-15a"/>
      </symbol>
      <symbol id="sm-4a7">
         <name>__aeabi_uidivmod</name>
         <value>0x1334d</value>
         <object_component_ref idref="oc-15a"/>
      </symbol>
      <symbol id="sm-4ad">
         <name>__eqsf2</name>
         <value>0x11ee9</value>
         <object_component_ref idref="oc-15f"/>
      </symbol>
      <symbol id="sm-4ae">
         <name>__lesf2</name>
         <value>0x11ee9</value>
         <object_component_ref idref="oc-15f"/>
      </symbol>
      <symbol id="sm-4af">
         <name>__ltsf2</name>
         <value>0x11ee9</value>
         <object_component_ref idref="oc-15f"/>
      </symbol>
      <symbol id="sm-4b0">
         <name>__nesf2</name>
         <value>0x11ee9</value>
         <object_component_ref idref="oc-15f"/>
      </symbol>
      <symbol id="sm-4b1">
         <name>__cmpsf2</name>
         <value>0x11ee9</value>
         <object_component_ref idref="oc-15f"/>
      </symbol>
      <symbol id="sm-4b2">
         <name>__gtsf2</name>
         <value>0x11f25</value>
         <object_component_ref idref="oc-15f"/>
      </symbol>
      <symbol id="sm-4b3">
         <name>__gesf2</name>
         <value>0x11f25</value>
         <object_component_ref idref="oc-15f"/>
      </symbol>
      <symbol id="sm-4b4">
         <name>__unordsf2</name>
         <value>0x11f61</value>
         <object_component_ref idref="oc-15f"/>
      </symbol>
      <symbol id="sm-4b5">
         <name>__aeabi_fcmpun</name>
         <value>0x11f61</value>
         <object_component_ref idref="oc-15f"/>
      </symbol>
      <symbol id="sm-4c3">
         <name>__ledf2</name>
         <value>0x12705</value>
         <object_component_ref idref="oc-24f"/>
      </symbol>
      <symbol id="sm-4c4">
         <name>__gedf2</name>
         <value>0x12695</value>
         <object_component_ref idref="oc-255"/>
      </symbol>
      <symbol id="sm-4c5">
         <name>__cmpdf2</name>
         <value>0x12705</value>
         <object_component_ref idref="oc-24f"/>
      </symbol>
      <symbol id="sm-4c6">
         <name>__eqdf2</name>
         <value>0x12705</value>
         <object_component_ref idref="oc-24f"/>
      </symbol>
      <symbol id="sm-4c7">
         <name>__ltdf2</name>
         <value>0x12705</value>
         <object_component_ref idref="oc-24f"/>
      </symbol>
      <symbol id="sm-4c8">
         <name>__nedf2</name>
         <value>0x12705</value>
         <object_component_ref idref="oc-24f"/>
      </symbol>
      <symbol id="sm-4c9">
         <name>__gtdf2</name>
         <value>0x12695</value>
         <object_component_ref idref="oc-255"/>
      </symbol>
      <symbol id="sm-4d3">
         <name>__aeabi_idiv0</name>
         <value>0x11ab3</value>
         <object_component_ref idref="oc-ff"/>
      </symbol>
      <symbol id="sm-4e1">
         <name>finddevice</name>
         <value>0x134f1</value>
         <object_component_ref idref="oc-220"/>
      </symbol>
      <symbol id="sm-4e2">
         <name>getdevice</name>
         <value>0x127e1</value>
         <object_component_ref idref="oc-2b9"/>
      </symbol>
      <symbol id="sm-4eb">
         <name>TI_memcpy_small</name>
         <value>0x13be5</value>
         <object_component_ref idref="oc-10a"/>
      </symbol>
      <symbol id="sm-4f4">
         <name>TI_memset_small</name>
         <value>0x13c73</value>
         <object_component_ref idref="oc-1a2"/>
      </symbol>
      <symbol id="sm-4f5">
         <name>__TI_static_base__</name>
         <value>0x0</value>
      </symbol>
      <symbol id="sm-4f8">
         <name>__mpu_init</name>
         <value>0x0</value>
      </symbol>
      <symbol id="sm-4f9">
         <name>_system_post_cinit</name>
         <value>0x0</value>
      </symbol>
   </symbol_table>
   <title>Link successful</title>
</link_info>
